00_setup.R loaded | R 4.5.2 | project: /Users/dpcook/Analysis/ovcan_human | versions -> output/package_versions.csv
00b_figure_theme.R loaded | figure font: Arial | locked palettes: subtype/site/tier/plex/family/stratum/consensusov/variant-class | ramps: diverging(navy<->rust)/sequential/categorical
Loading required namespace: DESeq2
Warning messages:
1: In grid.Call(C_textBounds, as.graphicsAnnot(x$label), x$x, x$y,  :
  font family 'Arial' not found in PostScript font database
2: In grid.Call(C_textBounds, as.graphicsAnnot(x$label), x$x, x$y,  :
  font family 'Arial' not found in PostScript font database
3: In grid.Call(C_textBounds, as.graphicsAnnot(x$label), x$x, x$y,  :
  font family 'Arial' not found in PostScript font database
4: In grid.Call(C_textBounds, as.graphicsAnnot(x$label), x$x, x$y,  :
  font family 'Arial' not found in PostScript font database
There were 50 or more warnings (use warnings() to see the first 50)
There were 50 or more warnings (use warnings() to see the first 50)
null device 
          1 
There were 50 or more warnings (use warnings() to see the first 50)
null device 
          1 

Supplementary figures written: figs1, figs2, figs3, figs4, figs7, figs8
S1 n = 31 lines; prot PCA PC1 12.7%, PC2 9.4%; protein sil ALL 0.135, CC -0.004, SCCOHT 0.028; PC2 extreme = VOA10816
S2 passage on PC1: raw 7.8%, |site 14.8%, |subtype+site 0.4%; site median 3.53% -> 0.00% with passage
S2 cross-assay: n = 13, Pearson r = -0.33 [-0.75, 0.27] p = 0.26; discordance -17..+20
S3 off-diagonal Spearman: 0.757-0.969 (median 0.834) on 22544 genes x 31 lines; families: 1369, 2295, 3133, 3291
S4 presence patterns: 32 (incl. the 70 zero-plex row); sum = 8427 = analysis rows
S7 markers: 25 in 6 groups (EC now included); 4 survive BH 0.05 (HNF1B, SPP1, KRT20, SMARCA2); floor-limited: SMARCA2
S8 HGS lines: 15 in 3 strata; PROGENy Hypoxia rho = 0.63 (p = 0.014); hypoxic 2/5 vs inflam 1/4 above z=+1
37_supp_rnaprot.R complete.
