00_setup.R loaded | R 4.5.2 | project: /Users/dpcook/Analysis/ovcan_human | versions -> output/package_versions.csv
Optional not yet installed (Phase 3/5): GenVisR, scarHRD

=== Patient-representative set: 31 lines -> 28 patients ===
Dropped sublines: OV2295-R2, TOV1369, TOV3133G
Subtype n, 31 lines vs 28 reps:
 subtype n_31_lines n_28_reps
     HGS         15        12
      CC          7         7
      EC          2         2
      MC          3         3
    MMMT          2         2
  SCCOHT          2         2

=== A. PCA / commonality: 31 lines vs 28 patient representatives ===
                         set  PC var_pct r2_subtype r2_site r2_joint
                    31 lines PC1 20.6322     0.7338  0.3119   0.7357
                    31 lines PC2 10.3889     0.6900  0.2092   0.6909
                    31 lines PC3  7.9408     0.5769  0.0528   0.5786
         28 reps (HVG refit) PC1 19.8582     0.7896  0.2722   0.7923
         28 reps (HVG refit) PC2 10.5135     0.6362  0.2378   0.6364
         28 reps (HVG refit) PC3  8.7616     0.5957  0.0324   0.5984
 28 reps (HVG fixed from 31) PC1 19.9099     0.7797  0.2718   0.7823
 28 reps (HVG fixed from 31) PC2 10.5070     0.6407  0.2310   0.6411
 28 reps (HVG fixed from 31) PC3  8.5681     0.5987  0.0315   0.6014
 adjr2_joint adjr2_subtype adjr2_site adj_unique_subtype adj_unique_site
      0.6553        0.6806     0.2627             0.3926         -0.0253
      0.5968        0.6280     0.1528             0.4440         -0.0312
      0.4504        0.4923    -0.0148             0.4652         -0.0420
      0.7196        0.7418     0.2139             0.5057         -0.0222
      0.5092        0.5535     0.1768             0.3323         -0.0443
      0.4578        0.5038    -0.0451             0.5029         -0.0460
      0.7062        0.7297     0.2136             0.4926         -0.0235
      0.5155        0.5590     0.1695             0.3460         -0.0436
      0.4619        0.5075    -0.0460             0.5078         -0.0456
 adj_shared unique_subtype unique_site shared
     0.2880         0.4239      0.0019 0.3100
     0.1840         0.4816      0.0009 0.2084
     0.0271         0.5258      0.0017 0.0512
     0.2361         0.5201      0.0027 0.2695
     0.2211         0.3986      0.0003 0.2375
     0.0009         0.5660      0.0027 0.0297
     0.2371         0.5105      0.0026 0.2692
     0.2130         0.4101      0.0004 0.2306
    -0.0003         0.5699      0.0027 0.0288

Silhouette by subtype (Euclidean on PC1-10; ALL = overall mean):
                         set subtype  n mean_sil
                    31 lines      CC  7   0.1192
                    31 lines      EC  2  -0.0100
                    31 lines     HGS 15   0.1606
                    31 lines      MC  3   0.1587
                    31 lines    MMMT  2   0.7435
                    31 lines  SCCOHT  2   0.8194
                    31 lines     ALL 31   0.2202
         28 reps (HVG refit)      CC  7   0.1013
         28 reps (HVG refit)      EC  2  -0.0317
         28 reps (HVG refit)     HGS 12   0.1401
         28 reps (HVG refit)      MC  3   0.1443
         28 reps (HVG refit)    MMMT  2   0.7260
         28 reps (HVG refit)  SCCOHT  2   0.7974
         28 reps (HVG refit)     ALL 28   0.2074
 28 reps (HVG fixed from 31)      CC  7   0.1083
 28 reps (HVG fixed from 31)      EC  2  -0.0112
 28 reps (HVG fixed from 31)     HGS 12   0.1360
 28 reps (HVG fixed from 31)      MC  3   0.1401
 28 reps (HVG fixed from 31)    MMMT  2   0.7317
 28 reps (HVG fixed from 31)  SCCOHT  2   0.8028
 28 reps (HVG fixed from 31)     ALL 28   0.2091
using 'avgTxLength' from assays(dds), correcting for library size

=== B. DE on 28 reps | subtype n: HGS=12, CC=7, EC=2, MC=3, MMMT=2, SCCOHT=2 | exploratory panel comparisons: HGS, CC, EC, MC, MMMT, SCCOHT ===
Building GO-BP gene sets from pinned org.Hs.eg.db ...
GO-BP sets used (size 10-500): 6369

=== B. GO recovery: 31 lines vs 28 patient representatives ===
 subtype                     program n_group_31 n_group_28  padj_31  padj_28
     HGS         DNA repair (HR/DSB)         15         12 4.57e-02 6.46e-02
      CC oxidative/glutathione/detox          7          7 4.30e-03 4.70e-03
      MC      glycan/oligosaccharide          3          3 1.19e-01 1.50e-01
    MMMT       EMT / migration / ECM          2          2 4.47e-01 5.69e-01
  SCCOHT        cell cycle / mitosis          2          2 3.51e-05 5.19e-05
                   status_31                   status_28 status_changed
       recovered (padj<0.05) suggestive (nominal p<0.05)           TRUE
       recovered (padj<0.05)       recovered (padj<0.05)          FALSE
 suggestive (nominal p<0.05) suggestive (nominal p<0.05)          FALSE
               not recovered               not recovered          FALSE
       recovered (padj<0.05)       recovered (padj<0.05)          FALSE
!! The recovery grade CHANGES under patient collapse for the program(s) above.
    Report both, or report the padj values rather than the grade.

DE counts, 31 lines vs 28 reps (a drop is the expected direction: the published
  contrast counted 3 additional models from already-represented patients as independent replicates):
 subtype      set n_group n_padj05 n_up_sig
     HGS  28 reps      12     6421     1654
     HGS 31 lines      15     7984     2110
      CC  28 reps       7      839      292
      CC 31 lines       7     1288      414
      EC  28 reps       2     1808      276
      EC 31 lines       2     1908      284
      MC  28 reps       3      592      185
      MC 31 lines       3      565      170
    MMMT  28 reps       2     1295      188
    MMMT 31 lines       2     1419      205
  SCCOHT  28 reps       2     2169      297
  SCCOHT 31 lines       2     2258      301

=== C. Sensitivity comparison table (output/sensitivity_patient_reps.csv) ===
            analysis                                             metric
              02 PCA                         PC1 variance explained (%)
              02 PCA                         PC2 variance explained (%)
 02/17 PC confounder                                     PC1 R2 subtype
 02/17 PC confounder                              PC1 R2 site (3-level)
     17A commonality                   PC1 unique-subtype (commonality)
     17A commonality                      PC1 unique-site (commonality)
     17A commonality                           PC1 shared (commonality)
     17A commonality                              PC1 adjusted joint R2
       02 silhouette                                     silhouette HGS
       02 silhouette                                      silhouette CC
       02 silhouette                                      silhouette EC
       02 silhouette                                      silhouette MC
       02 silhouette                                    silhouette MMMT
       02 silhouette                                  silhouette SCCOHT
       02 silhouette                                     silhouette ALL
               03 DE               DE genes padj<0.05 (HGS one-vs-rest)
               03 DE                DE genes padj<0.05 (CC one-vs-rest)
               03 DE                DE genes padj<0.05 (EC one-vs-rest)
               03 DE                DE genes padj<0.05 (MC one-vs-rest)
               03 DE              DE genes padj<0.05 (MMMT one-vs-rest)
               03 DE            DE genes padj<0.05 (SCCOHT one-vs-rest)
       03 signatures      up-signature genes padj<0.05 & log2FC>1 (HGS)
       03 signatures       up-signature genes padj<0.05 & log2FC>1 (CC)
       03 signatures       up-signature genes padj<0.05 & log2FC>1 (EC)
       03 signatures       up-signature genes padj<0.05 & log2FC>1 (MC)
       03 signatures     up-signature genes padj<0.05 & log2FC>1 (MMMT)
       03 signatures   up-signature genes padj<0.05 & log2FC>1 (SCCOHT)
      03 GO recovery        GO recovery padj (HGS: DNA repair (HR/DSB))
      03 GO recovery GO recovery padj (CC: oxidative/glutathione/detox)
      03 GO recovery      GO recovery padj (MC: glycan/oligosaccharide)
      03 GO recovery     GO recovery padj (MMMT: EMT / migration / ECM)
      03 GO recovery    GO recovery padj (SCCOHT: cell cycle / mitosis)
 value_31_lines value_28_reps       delta
       20.63217      19.85821    -0.77396
       10.38886      10.51348     0.12462
        0.73381       0.78961     0.05580
        0.31187       0.27216    -0.03970
        0.42385       0.52013     0.09628
        0.00191       0.00269     0.00078
        0.30995       0.26947    -0.04048
        0.65529       0.71960     0.06431
        0.16061       0.14011    -0.02050
        0.11915       0.10133    -0.01782
       -0.01002      -0.03170    -0.02168
        0.15871       0.14432    -0.01439
        0.74351       0.72596    -0.01755
        0.81944       0.79736    -0.02208
        0.22017       0.20739    -0.01278
     7984.00000    6421.00000 -1563.00000
     1288.00000     839.00000  -449.00000
     1908.00000    1808.00000  -100.00000
      565.00000     592.00000    27.00000
     1419.00000    1295.00000  -124.00000
     2258.00000    2169.00000   -89.00000
     2110.00000    1654.00000  -456.00000
      414.00000     292.00000  -122.00000
      284.00000     276.00000    -8.00000
      170.00000     185.00000    15.00000
      205.00000     188.00000   -17.00000
      301.00000     297.00000    -4.00000
        0.04570       0.06460     0.01890
        0.00430       0.00470     0.00040
        0.11900       0.15000     0.03100
        0.44700       0.56900     0.12200
        0.00004       0.00005     0.00002

Outputs: output/sensitivity_patient_reps{,_pca,_silhouette,_de,_gsea_go,_go_comparison}.csv
  session record -> /Users/dpcook/Analysis/ovcan_human/output/session_info_21_rna_sensitivity.txt

21_rna_sensitivity.R complete.
Warning message:
package ‘S4Vectors’ was built under R version 4.5.3 
